---
source: tests/parser/stmt_parser/op_decl_parser.rs
expression: parsed
---
[
    ParserDeclStmt {
        range: Range {
            start: 0,
            end: 57,
        },
        kind: InfixDefine {
            symbol: "%",
            props: InfixOperatorProperties {
                precedence: 60,
                associativity: Right,
                range: Range {
                    start: 19,
                    end: 56,
                },
            },
        },
    },
]
