---
source: src/tests/parser/stmt_parser/var_parser.rs
expression: parsed
---
[
    ParserDeclStmt {
        range: Range {
            start: 0,
            end: 14,
        },
        kind: GlobalConst {
            name: "factor",
            value_type: None,
            def_val: [
                ExprToken {
                    range: Range {
                        start: 13,
                        end: 14,
                    },
                    kind: IntLiteral(
                        0,
                    ),
                },
            ],
        },
    },
]
