---
source: tests/semantic/type_collection.rs
expression: comp_state.type_registry
---
structs:
  0:
    name: Type
    fields: []
    indices: {}
    instance_methods: []
    static_methods: []
    field_offsets: []
    total_size: 0
    alignment: 1
    range:
      start: 0
      end: 0
path_to_id:
  ? components:
      - symbol: Type
  : 0
