---
source: tests/semantic/global_decl_collection/func_collection.rs
expression: test_ctx.namespace.func_ctx
---
funcs:
  0:
    name: greet
    is_member: false
    is_static: false
    params: []
    return_type:
      Primitive: Void
    block:
      body: []
      scope_id: 1
    range:
      start: 0
      end: 0
member_functions: {}
global_functions:
  greet: 0
next_function_id: 1
