---
source: tests/semantic/global_decl_collection/func_collection.rs
expression: test_ctx.comp_state.func_ctx
---
funcs:
  0:
    name: one
    is_member: false
    is_static: false
    params: []
    return_type: Void
    block:
      body: []
      scope_id: 1
    range:
      start: 0
      end: 0
  1:
    name: two
    is_member: false
    is_static: false
    params: []
    return_type: Void
    block:
      body: []
      scope_id: 2
    range:
      start: 0
      end: 0
member_functions: {}
static_functions: {}
global_functions:
  one: 0
  two: 1
