---
source: tests/semantic/statement_building/return_building.rs
expression: test_ctx.namespace.func_ctx
---
funcs:
  0:
    name: main
    is_member: false
    is_static: false
    params: []
    return_type:
      Primitive: Void
    block:
      body:
        - Return:
            value: ~
      scope_id: 1
    range:
      start: 0
      end: 0
member_functions: {}
global_functions:
  main: 0
next_function_id: 1
