---
source: tests/semantic/statement_building/if_building.rs
expression: "&test_ctx.prog_ctx.func_ctx"
---
funcs:
  0:
    name: do_something
    namespace_id: 0
    func_type: Global
    params:
      - label: ~
        name: condition
        var_id: 0
        value_type:
          Primitive: Bool
        def_val: ~
        range:
          start: 0
          end: 0
    return_type:
      Primitive: Void
    block:
      body:
        - If:
            main:
              condition:
                kind:
                  Identifier: 0
                value_type:
                  Primitive: Bool
                range:
                  start: 0
                  end: 0
              block:
                body: []
                scope_id: 3
            else_ifs: []
            else_block: ~
      scope_id: 2
    range:
      start: 0
      end: 0
member_functions: {}
global_functions:
  ? - 0
    - do_something
  : 0
next_function_id: 1
