---
source: tests/spec/complex_op_resolution.rs
expression: test_ctx.comp_state.scope_registry
---
scopes:
  0:
    parent: ~
    name_to_id:
      test_expr: 13
    variables:
      - 13
    range:
      start: 0
      end: 0
  1:
    parent: 0
    name_to_id:
      lhs: 0
      rhs: 1
    variables:
      - 0
      - 1
    range:
      start: 66
      end: 145
  2:
    parent: 0
    name_to_id:
      lhs: 2
      rhs: 3
    variables:
      - 2
      - 3
    range:
      start: 213
      end: 293
  3:
    parent: 0
    name_to_id:
      lhs: 4
      rhs: 5
    variables:
      - 4
      - 5
    range:
      start: 361
      end: 439
  4:
    parent: 0
    name_to_id:
      lhs: 6
      rhs: 7
    variables:
      - 6
      - 7
    range:
      start: 506
      end: 583
  5:
    parent: 0
    name_to_id:
      lhs: 8
      rhs: 9
    variables:
      - 8
      - 9
    range:
      start: 650
      end: 727
  6:
    parent: 0
    name_to_id:
      lhs: 10
      rhs: 11
    variables:
      - 10
      - 11
    range:
      start: 794
      end: 871
  7:
    parent: 0
    name_to_id:
      operand: 12
    variables:
      - 12
    range:
      start: 914
      end: 986
variables:
  0:
    name: lhs
    value_type:
      Primitive: Bool
    def_val: ~
    range:
      start: 80
      end: 89
    var_kind: FuncParam
  1:
    name: rhs
    value_type:
      Primitive: Bool
    def_val: ~
    range:
      start: 91
      end: 100
    var_kind: FuncParam
  2:
    name: lhs
    value_type:
      Primitive: Bool
    def_val: ~
    range:
      start: 227
      end: 236
    var_kind: FuncParam
  3:
    name: rhs
    value_type:
      Primitive: Bool
    def_val: ~
    range:
      start: 238
      end: 247
    var_kind: FuncParam
  4:
    name: lhs
    value_type:
      Primitive: Int
    def_val: ~
    range:
      start: 375
      end: 383
    var_kind: FuncParam
  5:
    name: rhs
    value_type:
      Primitive: Int
    def_val: ~
    range:
      start: 385
      end: 393
    var_kind: FuncParam
  6:
    name: lhs
    value_type:
      Primitive: Int
    def_val: ~
    range:
      start: 519
      end: 527
    var_kind: FuncParam
  7:
    name: rhs
    value_type:
      Primitive: Int
    def_val: ~
    range:
      start: 529
      end: 537
    var_kind: FuncParam
  8:
    name: lhs
    value_type:
      Primitive: Int
    def_val: ~
    range:
      start: 663
      end: 671
    var_kind: FuncParam
  9:
    name: rhs
    value_type:
      Primitive: Int
    def_val: ~
    range:
      start: 673
      end: 681
    var_kind: FuncParam
  10:
    name: lhs
    value_type:
      Primitive: Int
    def_val: ~
    range:
      start: 807
      end: 815
    var_kind: FuncParam
  11:
    name: rhs
    value_type:
      Primitive: Int
    def_val: ~
    range:
      start: 817
      end: 825
    var_kind: FuncParam
  12:
    name: operand
    value_type:
      Primitive: Bool
    def_val: ~
    range:
      start: 928
      end: 941
    var_kind: FuncParam
  13:
    name: test_expr
    value_type:
      Primitive: Bool
    def_val:
      kind:
        InfixOp:
          symbol: "||"
          operator: 0
          lhs_expr:
            kind:
              InfixOp:
                symbol: "&&"
                operator: 1
                lhs_expr:
                  kind:
                    InfixOp:
                      symbol: "=="
                      operator: 2
                      lhs_expr:
                        kind:
                          InfixOp:
                            symbol: +
                            operator: 4
                            lhs_expr:
                              kind:
                                IntLiteral: 1
                              value_type:
                                Primitive: Int
                              range:
                                start: 1004
                                end: 1005
                            lhs:
                              var_id: 8
                              value:
                                kind:
                                  IntLiteral: 1
                                value_type:
                                  Primitive: Int
                                range:
                                  start: 1004
                                  end: 1005
                              range:
                                start: 1004
                                end: 1005
                            rhs_expr:
                              kind:
                                InfixOp:
                                  symbol: "*"
                                  operator: 5
                                  lhs_expr:
                                    kind:
                                      IntLiteral: 2
                                    value_type:
                                      Primitive: Int
                                    range:
                                      start: 1008
                                      end: 1009
                                  lhs:
                                    var_id: 10
                                    value:
                                      kind:
                                        IntLiteral: 2
                                      value_type:
                                        Primitive: Int
                                      range:
                                        start: 1008
                                        end: 1009
                                    range:
                                      start: 1008
                                      end: 1009
                                  rhs_expr:
                                    kind:
                                      IntLiteral: 3
                                    value_type:
                                      Primitive: Int
                                    range:
                                      start: 1012
                                      end: 1013
                                  rhs:
                                    var_id: 11
                                    value:
                                      kind:
                                        IntLiteral: 3
                                      value_type:
                                        Primitive: Int
                                      range:
                                        start: 1012
                                        end: 1013
                                    range:
                                      start: 1012
                                      end: 1013
                              value_type:
                                Primitive: Int
                              range:
                                start: 1010
                                end: 1011
                            rhs:
                              var_id: 9
                              value:
                                kind:
                                  InfixOp:
                                    symbol: "*"
                                    operator: 5
                                    lhs_expr:
                                      kind:
                                        IntLiteral: 2
                                      value_type:
                                        Primitive: Int
                                      range:
                                        start: 1008
                                        end: 1009
                                    lhs:
                                      var_id: 10
                                      value:
                                        kind:
                                          IntLiteral: 2
                                        value_type:
                                          Primitive: Int
                                        range:
                                          start: 1008
                                          end: 1009
                                      range:
                                        start: 1008
                                        end: 1009
                                    rhs_expr:
                                      kind:
                                        IntLiteral: 3
                                      value_type:
                                        Primitive: Int
                                      range:
                                        start: 1012
                                        end: 1013
                                    rhs:
                                      var_id: 11
                                      value:
                                        kind:
                                          IntLiteral: 3
                                        value_type:
                                          Primitive: Int
                                        range:
                                          start: 1012
                                          end: 1013
                                      range:
                                        start: 1012
                                        end: 1013
                                value_type:
                                  Primitive: Int
                                range:
                                  start: 1010
                                  end: 1011
                              range:
                                start: 1010
                                end: 1011
                        value_type:
                          Primitive: Int
                        range:
                          start: 1006
                          end: 1007
                      lhs:
                        var_id: 4
                        value:
                          kind:
                            InfixOp:
                              symbol: +
                              operator: 4
                              lhs_expr:
                                kind:
                                  IntLiteral: 1
                                value_type:
                                  Primitive: Int
                                range:
                                  start: 1004
                                  end: 1005
                              lhs:
                                var_id: 8
                                value:
                                  kind:
                                    IntLiteral: 1
                                  value_type:
                                    Primitive: Int
                                  range:
                                    start: 1004
                                    end: 1005
                                range:
                                  start: 1004
                                  end: 1005
                              rhs_expr:
                                kind:
                                  InfixOp:
                                    symbol: "*"
                                    operator: 5
                                    lhs_expr:
                                      kind:
                                        IntLiteral: 2
                                      value_type:
                                        Primitive: Int
                                      range:
                                        start: 1008
                                        end: 1009
                                    lhs:
                                      var_id: 10
                                      value:
                                        kind:
                                          IntLiteral: 2
                                        value_type:
                                          Primitive: Int
                                        range:
                                          start: 1008
                                          end: 1009
                                      range:
                                        start: 1008
                                        end: 1009
                                    rhs_expr:
                                      kind:
                                        IntLiteral: 3
                                      value_type:
                                        Primitive: Int
                                      range:
                                        start: 1012
                                        end: 1013
                                    rhs:
                                      var_id: 11
                                      value:
                                        kind:
                                          IntLiteral: 3
                                        value_type:
                                          Primitive: Int
                                        range:
                                          start: 1012
                                          end: 1013
                                      range:
                                        start: 1012
                                        end: 1013
                                value_type:
                                  Primitive: Int
                                range:
                                  start: 1010
                                  end: 1011
                              rhs:
                                var_id: 9
                                value:
                                  kind:
                                    InfixOp:
                                      symbol: "*"
                                      operator: 5
                                      lhs_expr:
                                        kind:
                                          IntLiteral: 2
                                        value_type:
                                          Primitive: Int
                                        range:
                                          start: 1008
                                          end: 1009
                                      lhs:
                                        var_id: 10
                                        value:
                                          kind:
                                            IntLiteral: 2
                                          value_type:
                                            Primitive: Int
                                          range:
                                            start: 1008
                                            end: 1009
                                        range:
                                          start: 1008
                                          end: 1009
                                      rhs_expr:
                                        kind:
                                          IntLiteral: 3
                                        value_type:
                                          Primitive: Int
                                        range:
                                          start: 1012
                                          end: 1013
                                      rhs:
                                        var_id: 11
                                        value:
                                          kind:
                                            IntLiteral: 3
                                          value_type:
                                            Primitive: Int
                                          range:
                                            start: 1012
                                            end: 1013
                                        range:
                                          start: 1012
                                          end: 1013
                                  value_type:
                                    Primitive: Int
                                  range:
                                    start: 1010
                                    end: 1011
                                range:
                                  start: 1010
                                  end: 1011
                          value_type:
                            Primitive: Int
                          range:
                            start: 1006
                            end: 1007
                        range:
                          start: 1006
                          end: 1007
                      rhs_expr:
                        kind:
                          IntLiteral: 7
                        value_type:
                          Primitive: Int
                        range:
                          start: 1017
                          end: 1018
                      rhs:
                        var_id: 5
                        value:
                          kind:
                            IntLiteral: 7
                          value_type:
                            Primitive: Int
                          range:
                            start: 1017
                            end: 1018
                        range:
                          start: 1017
                          end: 1018
                  value_type:
                    Primitive: Bool
                  range:
                    start: 1014
                    end: 1016
                lhs:
                  var_id: 2
                  value:
                    kind:
                      InfixOp:
                        symbol: "=="
                        operator: 2
                        lhs_expr:
                          kind:
                            InfixOp:
                              symbol: +
                              operator: 4
                              lhs_expr:
                                kind:
                                  IntLiteral: 1
                                value_type:
                                  Primitive: Int
                                range:
                                  start: 1004
                                  end: 1005
                              lhs:
                                var_id: 8
                                value:
                                  kind:
                                    IntLiteral: 1
                                  value_type:
                                    Primitive: Int
                                  range:
                                    start: 1004
                                    end: 1005
                                range:
                                  start: 1004
                                  end: 1005
                              rhs_expr:
                                kind:
                                  InfixOp:
                                    symbol: "*"
                                    operator: 5
                                    lhs_expr:
                                      kind:
                                        IntLiteral: 2
                                      value_type:
                                        Primitive: Int
                                      range:
                                        start: 1008
                                        end: 1009
                                    lhs:
                                      var_id: 10
                                      value:
                                        kind:
                                          IntLiteral: 2
                                        value_type:
                                          Primitive: Int
                                        range:
                                          start: 1008
                                          end: 1009
                                      range:
                                        start: 1008
                                        end: 1009
                                    rhs_expr:
                                      kind:
                                        IntLiteral: 3
                                      value_type:
                                        Primitive: Int
                                      range:
                                        start: 1012
                                        end: 1013
                                    rhs:
                                      var_id: 11
                                      value:
                                        kind:
                                          IntLiteral: 3
                                        value_type:
                                          Primitive: Int
                                        range:
                                          start: 1012
                                          end: 1013
                                      range:
                                        start: 1012
                                        end: 1013
                                value_type:
                                  Primitive: Int
                                range:
                                  start: 1010
                                  end: 1011
                              rhs:
                                var_id: 9
                                value:
                                  kind:
                                    InfixOp:
                                      symbol: "*"
                                      operator: 5
                                      lhs_expr:
                                        kind:
                                          IntLiteral: 2
                                        value_type:
                                          Primitive: Int
                                        range:
                                          start: 1008
                                          end: 1009
                                      lhs:
                                        var_id: 10
                                        value:
                                          kind:
                                            IntLiteral: 2
                                          value_type:
                                            Primitive: Int
                                          range:
                                            start: 1008
                                            end: 1009
                                        range:
                                          start: 1008
                                          end: 1009
                                      rhs_expr:
                                        kind:
                                          IntLiteral: 3
                                        value_type:
                                          Primitive: Int
                                        range:
                                          start: 1012
                                          end: 1013
                                      rhs:
                                        var_id: 11
                                        value:
                                          kind:
                                            IntLiteral: 3
                                          value_type:
                                            Primitive: Int
                                          range:
                                            start: 1012
                                            end: 1013
                                        range:
                                          start: 1012
                                          end: 1013
                                  value_type:
                                    Primitive: Int
                                  range:
                                    start: 1010
                                    end: 1011
                                range:
                                  start: 1010
                                  end: 1011
                          value_type:
                            Primitive: Int
                          range:
                            start: 1006
                            end: 1007
                        lhs:
                          var_id: 4
                          value:
                            kind:
                              InfixOp:
                                symbol: +
                                operator: 4
                                lhs_expr:
                                  kind:
                                    IntLiteral: 1
                                  value_type:
                                    Primitive: Int
                                  range:
                                    start: 1004
                                    end: 1005
                                lhs:
                                  var_id: 8
                                  value:
                                    kind:
                                      IntLiteral: 1
                                    value_type:
                                      Primitive: Int
                                    range:
                                      start: 1004
                                      end: 1005
                                  range:
                                    start: 1004
                                    end: 1005
                                rhs_expr:
                                  kind:
                                    InfixOp:
                                      symbol: "*"
                                      operator: 5
                                      lhs_expr:
                                        kind:
                                          IntLiteral: 2
                                        value_type:
                                          Primitive: Int
                                        range:
                                          start: 1008
                                          end: 1009
                                      lhs:
                                        var_id: 10
                                        value:
                                          kind:
                                            IntLiteral: 2
                                          value_type:
                                            Primitive: Int
                                          range:
                                            start: 1008
                                            end: 1009
                                        range:
                                          start: 1008
                                          end: 1009
                                      rhs_expr:
                                        kind:
                                          IntLiteral: 3
                                        value_type:
                                          Primitive: Int
                                        range:
                                          start: 1012
                                          end: 1013
                                      rhs:
                                        var_id: 11
                                        value:
                                          kind:
                                            IntLiteral: 3
                                          value_type:
                                            Primitive: Int
                                          range:
                                            start: 1012
                                            end: 1013
                                        range:
                                          start: 1012
                                          end: 1013
                                  value_type:
                                    Primitive: Int
                                  range:
                                    start: 1010
                                    end: 1011
                                rhs:
                                  var_id: 9
                                  value:
                                    kind:
                                      InfixOp:
                                        symbol: "*"
                                        operator: 5
                                        lhs_expr:
                                          kind:
                                            IntLiteral: 2
                                          value_type:
                                            Primitive: Int
                                          range:
                                            start: 1008
                                            end: 1009
                                        lhs:
                                          var_id: 10
                                          value:
                                            kind:
                                              IntLiteral: 2
                                            value_type:
                                              Primitive: Int
                                            range:
                                              start: 1008
                                              end: 1009
                                          range:
                                            start: 1008
                                            end: 1009
                                        rhs_expr:
                                          kind:
                                            IntLiteral: 3
                                          value_type:
                                            Primitive: Int
                                          range:
                                            start: 1012
                                            end: 1013
                                        rhs:
                                          var_id: 11
                                          value:
                                            kind:
                                              IntLiteral: 3
                                            value_type:
                                              Primitive: Int
                                            range:
                                              start: 1012
                                              end: 1013
                                          range:
                                            start: 1012
                                            end: 1013
                                    value_type:
                                      Primitive: Int
                                    range:
                                      start: 1010
                                      end: 1011
                                  range:
                                    start: 1010
                                    end: 1011
                            value_type:
                              Primitive: Int
                            range:
                              start: 1006
                              end: 1007
                          range:
                            start: 1006
                            end: 1007
                        rhs_expr:
                          kind:
                            IntLiteral: 7
                          value_type:
                            Primitive: Int
                          range:
                            start: 1017
                            end: 1018
                        rhs:
                          var_id: 5
                          value:
                            kind:
                              IntLiteral: 7
                            value_type:
                              Primitive: Int
                            range:
                              start: 1017
                              end: 1018
                          range:
                            start: 1017
                            end: 1018
                    value_type:
                      Primitive: Bool
                    range:
                      start: 1014
                      end: 1016
                  range:
                    start: 1014
                    end: 1016
                rhs_expr:
                  kind:
                    PrefixOp:
                      symbol: "!"
                      operator: 6
                      operand_expr:
                        kind:
                          BoolLiteral: true
                        value_type:
                          Primitive: Bool
                        range:
                          start: 1023
                          end: 1027
                      operand:
                        var_id: 12
                        value:
                          kind:
                            BoolLiteral: true
                          value_type:
                            Primitive: Bool
                          range:
                            start: 1023
                            end: 1027
                        range:
                          start: 1023
                          end: 1027
                  value_type:
                    Primitive: Bool
                  range:
                    start: 1022
                    end: 1023
                rhs:
                  var_id: 3
                  value:
                    kind:
                      PrefixOp:
                        symbol: "!"
                        operator: 6
                        operand_expr:
                          kind:
                            BoolLiteral: true
                          value_type:
                            Primitive: Bool
                          range:
                            start: 1023
                            end: 1027
                        operand:
                          var_id: 12
                          value:
                            kind:
                              BoolLiteral: true
                            value_type:
                              Primitive: Bool
                            range:
                              start: 1023
                              end: 1027
                          range:
                            start: 1023
                            end: 1027
                    value_type:
                      Primitive: Bool
                    range:
                      start: 1022
                      end: 1023
                  range:
                    start: 1022
                    end: 1023
            value_type:
              Primitive: Bool
            range:
              start: 1019
              end: 1021
          lhs:
            var_id: 0
            value:
              kind:
                InfixOp:
                  symbol: "&&"
                  operator: 1
                  lhs_expr:
                    kind:
                      InfixOp:
                        symbol: "=="
                        operator: 2
                        lhs_expr:
                          kind:
                            InfixOp:
                              symbol: +
                              operator: 4
                              lhs_expr:
                                kind:
                                  IntLiteral: 1
                                value_type:
                                  Primitive: Int
                                range:
                                  start: 1004
                                  end: 1005
                              lhs:
                                var_id: 8
                                value:
                                  kind:
                                    IntLiteral: 1
                                  value_type:
                                    Primitive: Int
                                  range:
                                    start: 1004
                                    end: 1005
                                range:
                                  start: 1004
                                  end: 1005
                              rhs_expr:
                                kind:
                                  InfixOp:
                                    symbol: "*"
                                    operator: 5
                                    lhs_expr:
                                      kind:
                                        IntLiteral: 2
                                      value_type:
                                        Primitive: Int
                                      range:
                                        start: 1008
                                        end: 1009
                                    lhs:
                                      var_id: 10
                                      value:
                                        kind:
                                          IntLiteral: 2
                                        value_type:
                                          Primitive: Int
                                        range:
                                          start: 1008
                                          end: 1009
                                      range:
                                        start: 1008
                                        end: 1009
                                    rhs_expr:
                                      kind:
                                        IntLiteral: 3
                                      value_type:
                                        Primitive: Int
                                      range:
                                        start: 1012
                                        end: 1013
                                    rhs:
                                      var_id: 11
                                      value:
                                        kind:
                                          IntLiteral: 3
                                        value_type:
                                          Primitive: Int
                                        range:
                                          start: 1012
                                          end: 1013
                                      range:
                                        start: 1012
                                        end: 1013
                                value_type:
                                  Primitive: Int
                                range:
                                  start: 1010
                                  end: 1011
                              rhs:
                                var_id: 9
                                value:
                                  kind:
                                    InfixOp:
                                      symbol: "*"
                                      operator: 5
                                      lhs_expr:
                                        kind:
                                          IntLiteral: 2
                                        value_type:
                                          Primitive: Int
                                        range:
                                          start: 1008
                                          end: 1009
                                      lhs:
                                        var_id: 10
                                        value:
                                          kind:
                                            IntLiteral: 2
                                          value_type:
                                            Primitive: Int
                                          range:
                                            start: 1008
                                            end: 1009
                                        range:
                                          start: 1008
                                          end: 1009
                                      rhs_expr:
                                        kind:
                                          IntLiteral: 3
                                        value_type:
                                          Primitive: Int
                                        range:
                                          start: 1012
                                          end: 1013
                                      rhs:
                                        var_id: 11
                                        value:
                                          kind:
                                            IntLiteral: 3
                                          value_type:
                                            Primitive: Int
                                          range:
                                            start: 1012
                                            end: 1013
                                        range:
                                          start: 1012
                                          end: 1013
                                  value_type:
                                    Primitive: Int
                                  range:
                                    start: 1010
                                    end: 1011
                                range:
                                  start: 1010
                                  end: 1011
                          value_type:
                            Primitive: Int
                          range:
                            start: 1006
                            end: 1007
                        lhs:
                          var_id: 4
                          value:
                            kind:
                              InfixOp:
                                symbol: +
                                operator: 4
                                lhs_expr:
                                  kind:
                                    IntLiteral: 1
                                  value_type:
                                    Primitive: Int
                                  range:
                                    start: 1004
                                    end: 1005
                                lhs:
                                  var_id: 8
                                  value:
                                    kind:
                                      IntLiteral: 1
                                    value_type:
                                      Primitive: Int
                                    range:
                                      start: 1004
                                      end: 1005
                                  range:
                                    start: 1004
                                    end: 1005
                                rhs_expr:
                                  kind:
                                    InfixOp:
                                      symbol: "*"
                                      operator: 5
                                      lhs_expr:
                                        kind:
                                          IntLiteral: 2
                                        value_type:
                                          Primitive: Int
                                        range:
                                          start: 1008
                                          end: 1009
                                      lhs:
                                        var_id: 10
                                        value:
                                          kind:
                                            IntLiteral: 2
                                          value_type:
                                            Primitive: Int
                                          range:
                                            start: 1008
                                            end: 1009
                                        range:
                                          start: 1008
                                          end: 1009
                                      rhs_expr:
                                        kind:
                                          IntLiteral: 3
                                        value_type:
                                          Primitive: Int
                                        range:
                                          start: 1012
                                          end: 1013
                                      rhs:
                                        var_id: 11
                                        value:
                                          kind:
                                            IntLiteral: 3
                                          value_type:
                                            Primitive: Int
                                          range:
                                            start: 1012
                                            end: 1013
                                        range:
                                          start: 1012
                                          end: 1013
                                  value_type:
                                    Primitive: Int
                                  range:
                                    start: 1010
                                    end: 1011
                                rhs:
                                  var_id: 9
                                  value:
                                    kind:
                                      InfixOp:
                                        symbol: "*"
                                        operator: 5
                                        lhs_expr:
                                          kind:
                                            IntLiteral: 2
                                          value_type:
                                            Primitive: Int
                                          range:
                                            start: 1008
                                            end: 1009
                                        lhs:
                                          var_id: 10
                                          value:
                                            kind:
                                              IntLiteral: 2
                                            value_type:
                                              Primitive: Int
                                            range:
                                              start: 1008
                                              end: 1009
                                          range:
                                            start: 1008
                                            end: 1009
                                        rhs_expr:
                                          kind:
                                            IntLiteral: 3
                                          value_type:
                                            Primitive: Int
                                          range:
                                            start: 1012
                                            end: 1013
                                        rhs:
                                          var_id: 11
                                          value:
                                            kind:
                                              IntLiteral: 3
                                            value_type:
                                              Primitive: Int
                                            range:
                                              start: 1012
                                              end: 1013
                                          range:
                                            start: 1012
                                            end: 1013
                                    value_type:
                                      Primitive: Int
                                    range:
                                      start: 1010
                                      end: 1011
                                  range:
                                    start: 1010
                                    end: 1011
                            value_type:
                              Primitive: Int
                            range:
                              start: 1006
                              end: 1007
                          range:
                            start: 1006
                            end: 1007
                        rhs_expr:
                          kind:
                            IntLiteral: 7
                          value_type:
                            Primitive: Int
                          range:
                            start: 1017
                            end: 1018
                        rhs:
                          var_id: 5
                          value:
                            kind:
                              IntLiteral: 7
                            value_type:
                              Primitive: Int
                            range:
                              start: 1017
                              end: 1018
                          range:
                            start: 1017
                            end: 1018
                    value_type:
                      Primitive: Bool
                    range:
                      start: 1014
                      end: 1016
                  lhs:
                    var_id: 2
                    value:
                      kind:
                        InfixOp:
                          symbol: "=="
                          operator: 2
                          lhs_expr:
                            kind:
                              InfixOp:
                                symbol: +
                                operator: 4
                                lhs_expr:
                                  kind:
                                    IntLiteral: 1
                                  value_type:
                                    Primitive: Int
                                  range:
                                    start: 1004
                                    end: 1005
                                lhs:
                                  var_id: 8
                                  value:
                                    kind:
                                      IntLiteral: 1
                                    value_type:
                                      Primitive: Int
                                    range:
                                      start: 1004
                                      end: 1005
                                  range:
                                    start: 1004
                                    end: 1005
                                rhs_expr:
                                  kind:
                                    InfixOp:
                                      symbol: "*"
                                      operator: 5
                                      lhs_expr:
                                        kind:
                                          IntLiteral: 2
                                        value_type:
                                          Primitive: Int
                                        range:
                                          start: 1008
                                          end: 1009
                                      lhs:
                                        var_id: 10
                                        value:
                                          kind:
                                            IntLiteral: 2
                                          value_type:
                                            Primitive: Int
                                          range:
                                            start: 1008
                                            end: 1009
                                        range:
                                          start: 1008
                                          end: 1009
                                      rhs_expr:
                                        kind:
                                          IntLiteral: 3
                                        value_type:
                                          Primitive: Int
                                        range:
                                          start: 1012
                                          end: 1013
                                      rhs:
                                        var_id: 11
                                        value:
                                          kind:
                                            IntLiteral: 3
                                          value_type:
                                            Primitive: Int
                                          range:
                                            start: 1012
                                            end: 1013
                                        range:
                                          start: 1012
                                          end: 1013
                                  value_type:
                                    Primitive: Int
                                  range:
                                    start: 1010
                                    end: 1011
                                rhs:
                                  var_id: 9
                                  value:
                                    kind:
                                      InfixOp:
                                        symbol: "*"
                                        operator: 5
                                        lhs_expr:
                                          kind:
                                            IntLiteral: 2
                                          value_type:
                                            Primitive: Int
                                          range:
                                            start: 1008
                                            end: 1009
                                        lhs:
                                          var_id: 10
                                          value:
                                            kind:
                                              IntLiteral: 2
                                            value_type:
                                              Primitive: Int
                                            range:
                                              start: 1008
                                              end: 1009
                                          range:
                                            start: 1008
                                            end: 1009
                                        rhs_expr:
                                          kind:
                                            IntLiteral: 3
                                          value_type:
                                            Primitive: Int
                                          range:
                                            start: 1012
                                            end: 1013
                                        rhs:
                                          var_id: 11
                                          value:
                                            kind:
                                              IntLiteral: 3
                                            value_type:
                                              Primitive: Int
                                            range:
                                              start: 1012
                                              end: 1013
                                          range:
                                            start: 1012
                                            end: 1013
                                    value_type:
                                      Primitive: Int
                                    range:
                                      start: 1010
                                      end: 1011
                                  range:
                                    start: 1010
                                    end: 1011
                            value_type:
                              Primitive: Int
                            range:
                              start: 1006
                              end: 1007
                          lhs:
                            var_id: 4
                            value:
                              kind:
                                InfixOp:
                                  symbol: +
                                  operator: 4
                                  lhs_expr:
                                    kind:
                                      IntLiteral: 1
                                    value_type:
                                      Primitive: Int
                                    range:
                                      start: 1004
                                      end: 1005
                                  lhs:
                                    var_id: 8
                                    value:
                                      kind:
                                        IntLiteral: 1
                                      value_type:
                                        Primitive: Int
                                      range:
                                        start: 1004
                                        end: 1005
                                    range:
                                      start: 1004
                                      end: 1005
                                  rhs_expr:
                                    kind:
                                      InfixOp:
                                        symbol: "*"
                                        operator: 5
                                        lhs_expr:
                                          kind:
                                            IntLiteral: 2
                                          value_type:
                                            Primitive: Int
                                          range:
                                            start: 1008
                                            end: 1009
                                        lhs:
                                          var_id: 10
                                          value:
                                            kind:
                                              IntLiteral: 2
                                            value_type:
                                              Primitive: Int
                                            range:
                                              start: 1008
                                              end: 1009
                                          range:
                                            start: 1008
                                            end: 1009
                                        rhs_expr:
                                          kind:
                                            IntLiteral: 3
                                          value_type:
                                            Primitive: Int
                                          range:
                                            start: 1012
                                            end: 1013
                                        rhs:
                                          var_id: 11
                                          value:
                                            kind:
                                              IntLiteral: 3
                                            value_type:
                                              Primitive: Int
                                            range:
                                              start: 1012
                                              end: 1013
                                          range:
                                            start: 1012
                                            end: 1013
                                    value_type:
                                      Primitive: Int
                                    range:
                                      start: 1010
                                      end: 1011
                                  rhs:
                                    var_id: 9
                                    value:
                                      kind:
                                        InfixOp:
                                          symbol: "*"
                                          operator: 5
                                          lhs_expr:
                                            kind:
                                              IntLiteral: 2
                                            value_type:
                                              Primitive: Int
                                            range:
                                              start: 1008
                                              end: 1009
                                          lhs:
                                            var_id: 10
                                            value:
                                              kind:
                                                IntLiteral: 2
                                              value_type:
                                                Primitive: Int
                                              range:
                                                start: 1008
                                                end: 1009
                                            range:
                                              start: 1008
                                              end: 1009
                                          rhs_expr:
                                            kind:
                                              IntLiteral: 3
                                            value_type:
                                              Primitive: Int
                                            range:
                                              start: 1012
                                              end: 1013
                                          rhs:
                                            var_id: 11
                                            value:
                                              kind:
                                                IntLiteral: 3
                                              value_type:
                                                Primitive: Int
                                              range:
                                                start: 1012
                                                end: 1013
                                            range:
                                              start: 1012
                                              end: 1013
                                      value_type:
                                        Primitive: Int
                                      range:
                                        start: 1010
                                        end: 1011
                                    range:
                                      start: 1010
                                      end: 1011
                              value_type:
                                Primitive: Int
                              range:
                                start: 1006
                                end: 1007
                            range:
                              start: 1006
                              end: 1007
                          rhs_expr:
                            kind:
                              IntLiteral: 7
                            value_type:
                              Primitive: Int
                            range:
                              start: 1017
                              end: 1018
                          rhs:
                            var_id: 5
                            value:
                              kind:
                                IntLiteral: 7
                              value_type:
                                Primitive: Int
                              range:
                                start: 1017
                                end: 1018
                            range:
                              start: 1017
                              end: 1018
                      value_type:
                        Primitive: Bool
                      range:
                        start: 1014
                        end: 1016
                    range:
                      start: 1014
                      end: 1016
                  rhs_expr:
                    kind:
                      PrefixOp:
                        symbol: "!"
                        operator: 6
                        operand_expr:
                          kind:
                            BoolLiteral: true
                          value_type:
                            Primitive: Bool
                          range:
                            start: 1023
                            end: 1027
                        operand:
                          var_id: 12
                          value:
                            kind:
                              BoolLiteral: true
                            value_type:
                              Primitive: Bool
                            range:
                              start: 1023
                              end: 1027
                          range:
                            start: 1023
                            end: 1027
                    value_type:
                      Primitive: Bool
                    range:
                      start: 1022
                      end: 1023
                  rhs:
                    var_id: 3
                    value:
                      kind:
                        PrefixOp:
                          symbol: "!"
                          operator: 6
                          operand_expr:
                            kind:
                              BoolLiteral: true
                            value_type:
                              Primitive: Bool
                            range:
                              start: 1023
                              end: 1027
                          operand:
                            var_id: 12
                            value:
                              kind:
                                BoolLiteral: true
                              value_type:
                                Primitive: Bool
                              range:
                                start: 1023
                                end: 1027
                            range:
                              start: 1023
                              end: 1027
                      value_type:
                        Primitive: Bool
                      range:
                        start: 1022
                        end: 1023
                    range:
                      start: 1022
                      end: 1023
              value_type:
                Primitive: Bool
              range:
                start: 1019
                end: 1021
            range:
              start: 1019
              end: 1021
          rhs_expr:
            kind:
              InfixOp:
                symbol: ">"
                operator: 3
                lhs_expr:
                  kind:
                    IntLiteral: 5
                  value_type:
                    Primitive: Int
                  range:
                    start: 1031
                    end: 1032
                lhs:
                  var_id: 6
                  value:
                    kind:
                      IntLiteral: 5
                    value_type:
                      Primitive: Int
                    range:
                      start: 1031
                      end: 1032
                  range:
                    start: 1031
                    end: 1032
                rhs_expr:
                  kind:
                    IntLiteral: 2
                  value_type:
                    Primitive: Int
                  range:
                    start: 1035
                    end: 1036
                rhs:
                  var_id: 7
                  value:
                    kind:
                      IntLiteral: 2
                    value_type:
                      Primitive: Int
                    range:
                      start: 1035
                      end: 1036
                  range:
                    start: 1035
                    end: 1036
            value_type:
              Primitive: Bool
            range:
              start: 1033
              end: 1034
          rhs:
            var_id: 1
            value:
              kind:
                InfixOp:
                  symbol: ">"
                  operator: 3
                  lhs_expr:
                    kind:
                      IntLiteral: 5
                    value_type:
                      Primitive: Int
                    range:
                      start: 1031
                      end: 1032
                  lhs:
                    var_id: 6
                    value:
                      kind:
                        IntLiteral: 5
                      value_type:
                        Primitive: Int
                      range:
                        start: 1031
                        end: 1032
                    range:
                      start: 1031
                      end: 1032
                  rhs_expr:
                    kind:
                      IntLiteral: 2
                    value_type:
                      Primitive: Int
                    range:
                      start: 1035
                      end: 1036
                  rhs:
                    var_id: 7
                    value:
                      kind:
                        IntLiteral: 2
                      value_type:
                        Primitive: Int
                      range:
                        start: 1035
                        end: 1036
                    range:
                      start: 1035
                      end: 1036
              value_type:
                Primitive: Bool
              range:
                start: 1033
                end: 1034
            range:
              start: 1033
              end: 1034
      value_type:
        Primitive: Bool
      range:
        start: 1028
        end: 1030
    range:
      start: 988
      end: 1036
    var_kind: GlobalConst
global_scope_id: 0
next_scope_id: 8
next_variable_id: 14
